2026-09-14 19:57:54 - INFO - SCRAPE START
2026-09-14 19:57:56 - INFO - [puistokonsertit] COMPLETE — 0 events in 1.3s — NO_EVENTS_OR_PARSE_FAILURE
2026-09-14 19:57:56 - INFO - [keikat_org] COMPLETE — 15 events in 1.4s — OK
2026-09-14 19:57:56 - INFO - [keikat_live] COMPLETE — 1 events in 1.9s — OK
2026-09-14 19:57:57 - INFO - [vastavirta] COMPLETE — 30 events in 2.9s — OK
2026-09-14 19:58:00 - INFO - [tampere_filharmonia] COMPLETE — 31 events in 5.2s — OK
2026-09-14 19:58:05 - INFO - [meteli] COMPLETE — 0 events in 10.3s — NO_EVENTS_OR_PARSE_FAILURE
2026-09-14 19:58:05 - INFO - [tampere_kirjastot] COMPLETE — 11 events in 11.0s — OK
2026-09-14 20:01:45 - INFO - SCRAPE START
2026-09-14 20:01:47 - INFO - [keikat_org] COMPLETE — 15 events in 1.1s — OK
2026-09-14 20:01:47 - INFO - [puistokonsertit] COMPLETE — 0 events in 1.2s — NO_EVENTS_OR_PARSE_FAILURE
2026-09-14 20:01:47 - INFO - [keikat_live] COMPLETE — 1 events in 2.0s — OK
2026-09-14 20:01:48 - INFO - [vastavirta] COMPLETE — 30 events in 2.4s — OK
2026-09-14 20:01:50 - INFO - [tampere_filharmonia] COMPLETE — 31 events in 4.2s — OK
2026-09-14 20:01:56 - INFO - [tampere_kirjastot] COMPLETE — 11 events in 10.6s — OK
2026-09-14 20:01:56 - INFO - [meteli] COMPLETE — 0 events in 11.0s — NO_EVENTS_OR_PARSE_FAILURE
2026-09-14 20:05:38 - INFO - SCRAPE START
2026-09-14 20:05:39 - INFO - [keikat_org] COMPLETE — 15 events in 1.1s — OK
2026-09-14 20:05:39 - INFO - [puistokonsertit] COMPLETE — 0 events in 1.4s — NO_EVENTS_OR_PARSE_FAILURE
2026-09-14 20:05:39 - INFO - [keikat_live] COMPLETE — 1 events in 1.6s — OK
2026-09-14 20:05:40 - INFO - [vastavirta] COMPLETE — 30 events in 2.3s — OK
2026-09-14 20:05:42 - INFO - [tampere_filharmonia] COMPLETE — 31 events in 4.2s — OK
2026-09-14 20:05:47 - INFO - [tampere_kirjastot] COMPLETE — 11 events in 9.3s — OK
2026-09-14 20:05:49 - INFO - [meteli] COMPLETE — 0 events in 10.7s — NO_EVENTS_OR_PARSE_FAILURE
2026-09-14 20:07:41 - INFO - SCRAPE START
2026-09-14 20:07:42 - INFO - [keikat_org] COMPLETE — 15 events in 1.0s — OK
2026-09-14 20:07:42 - INFO - [puistokonsertit] COMPLETE — 0 events in 1.3s — NO_EVENTS_OR_PARSE_FAILURE
2026-09-14 20:07:43 - INFO - [keikat_live] COMPLETE — 1 events in 1.7s — OK
2026-09-14 20:07:44 - INFO - [vastavirta] COMPLETE — 30 events in 2.8s — OK
2026-09-14 20:07:45 - INFO - [tampere_filharmonia] COMPLETE — 31 events in 4.3s — OK
2026-09-14 20:07:51 - INFO - [meteli] COMPLETE — 0 events in 9.7s — NO_EVENTS_OR_PARSE_FAILURE
2026-09-14 20:07:51 - INFO - [tampere_kirjastot] COMPLETE — 11 events in 10.6s — OK
2026-09-14 20:10:01 - INFO - [kohokohdat] COMPLETE — 337 events in 140.1s — OK
2026-09-14 20:10:01 - INFO - SCRAPE SUMMARY
2026-09-14 20:10:01 - INFO -   kohokohdat              337  OK
2026-09-14 20:10:01 - INFO -   meteli                    0  NO_EVENTS_OR_PARSE_FAILURE
2026-09-14 20:10:01 - INFO -   keikat_org               15  OK
2026-09-14 20:10:01 - INFO -   puistokonsertit           0  NO_EVENTS_OR_PARSE_FAILURE
2026-09-14 20:10:01 - INFO -   keikat_live               1  OK
2026-09-14 20:10:01 - INFO -   tampere_filharmonia      31  OK
2026-09-14 20:10:01 - INFO -   tampere_kirjastot        11  OK
2026-09-14 20:10:01 - INFO -   vastavirta               30  OK
2026-09-14 20:10:01 - INFO -   Parsed before final filter:  353
2026-09-14 20:10:01 - INFO -   Final events in JSON:        274
2026-09-14 20:10:01 - INFO -   Sources parsed: 6/8
2026-09-14 20:10:01 - INFO -   Total runtime: 140.1s
2026-09-14 20:10:01 - INFO -   Output: data.json
2026-09-14 20:16:11 - INFO - SCRAPE START
2026-09-14 20:16:12 - INFO - [keikat_org] COMPLETE — 15 events in 1.1s — OK
2026-09-14 20:16:13 - INFO - [puistokonsertit] COMPLETE — 0 events in 1.4s — NO_EVENTS_OR_PARSE_FAILURE
2026-09-14 20:16:13 - INFO - [keikat_live] COMPLETE — 1 events in 1.8s — OK
2026-09-14 20:16:13 - INFO - [vastavirta] COMPLETE — 30 events in 1.8s — OK
2026-09-14 20:16:16 - INFO - [tampere_filharmonia] COMPLETE — 31 events in 4.4s — OK
2026-09-14 20:16:21 - INFO - [tampere_kirjastot] COMPLETE — 11 events in 9.8s — OK
2026-09-14 20:16:22 - INFO - [meteli] COMPLETE — 0 events in 10.4s — NO_EVENTS_OR_PARSE_FAILURE
2026-09-14 20:18:08 - INFO - [kohokohdat] COMPLETE — 337 events in 116.8s — OK
2026-09-14 20:18:08 - INFO - SCRAPE SUMMARY
2026-09-14 20:18:08 - INFO -   kohokohdat              337  OK
2026-09-14 20:18:08 - INFO -   meteli                    0  NO_EVENTS_OR_PARSE_FAILURE
2026-09-14 20:18:08 - INFO -   keikat_org               15  OK
2026-09-14 20:18:08 - INFO -   puistokonsertit           0  NO_EVENTS_OR_PARSE_FAILURE
2026-09-14 20:18:08 - INFO -   keikat_live               1  OK
2026-09-14 20:18:08 - INFO -   tampere_filharmonia      31  OK
2026-09-14 20:18:08 - INFO -   tampere_kirjastot        11  OK
2026-09-14 20:18:08 - INFO -   vastavirta               30  OK
2026-09-14 20:18:08 - INFO -   Parsed before final filter:  353
2026-09-14 20:18:08 - INFO -   Final events in JSON:        274
2026-09-14 20:18:08 - INFO -   Sources parsed: 6/8
2026-09-14 20:18:08 - INFO -   Total runtime: 116.8s
2026-09-14 20:18:08 - INFO -   Output: data.json
2026-09-14 20:29:22 - INFO - SCRAPE START
2026-09-14 20:29:23 - INFO - [keikat_org] COMPLETE — 15 events in 1.1s — OK
2026-09-14 20:29:23 - INFO - [puistokonsertit] COMPLETE — 0 events in 1.3s — NO_EVENTS_OR_PARSE_FAILURE
2026-09-14 20:29:24 - INFO - [vastavirta] COMPLETE — 30 events in 2.0s — OK
2026-09-14 20:29:24 - INFO - [keikat_live] COMPLETE — 1 events in 2.0s — OK
2026-09-14 20:29:26 - INFO - [tampere_filharmonia] COMPLETE — 31 events in 4.0s — OK
2026-09-14 20:29:31 - INFO - [tampere_kirjastot] COMPLETE — 11 events in 9.6s — OK
2026-09-14 20:29:32 - INFO - [meteli] COMPLETE — 0 events in 10.2s — NO_EVENTS_OR_PARSE_FAILURE
